mutate.py export=D:\tmp\zr\ci_i19m specs=['tools\\iteration\\mutations\\iter1.json', 'tools\\iteration\\mutations\\iter10.json', 'tools\\iteration\\mutations\\iter11.json', 'tools\\iteration\\mutations\\iter12.json', 'tools\\iteration\\mutations\\iter13.json', 'tools\\iteration\\mutations\\iter14.json', 'tools\\iteration\\mutations\\iter15.json', 'tools\\iteration\\mutations\\iter16.json', 'tools\\iteration\\mutations\\iter2.json', 'tools\\iteration\\mutations\\iter3.json', 'tools\\iteration\\mutations\\iter4.json', 'tools\\iteration\\mutations\\iter5.json', 'tools\\iteration\\mutations\\iter6.json', 'tools\\iteration\\mutations\\iter7.json', 'tools\\iteration\\mutations\\iter8.json', 'tools\\iteration\\mutations\\iter9.json'] @ 2026-09-21T14:39:23
[iter3-unknown-keys-structural] EXEMPT (test/observer_alert_test.dart): 策略按固定键名读取，“忽略未知键”是结构性质，不存在自然的回退变异（把策略改成遍历全部键才会失败，不是现实回归路径）。显式豁免。
[iter4-stats-chars-constant-sanity] EXEMPT (test/scale_test.dart): 用例「遥测 JSON 上限常量自洽」只证明 maxStatsChars 长度的合法 JSON 可解析；生产侧 > maxStatsChars 的丢弃判断在 official_remote_page.dart 的 WebView handler（:1611），单测够不到，无有意义的回退变异。显式豁免（纲领 §3 W-008 行的 exempt 条款）。
[iter5-token-guard-structural] EXEMPT (test/security_invariants_test.dart): S-5 的行为级验证需要真实 WebView（POST 主框架导航不经 shouldOverrideUrlLoading）；现有回归为 security_invariants_test 的源码断言（isTrustedRemotePage 守卫存在 + UserScript origin 计数相等），无单测文件内可判定的回退变异。显式豁免。
[iter5-normal-messages-sanity] EXEMPT (test/security_hardening_test.dart): 无回归哨兵：确认深度守卫不破坏正常流量。任何会“通过”它的变异必然先破坏大量既有解析测试，不存在只让该用例失效的现实回归路径。显式豁免。
[iter5-replace-tasks-unbounded] EXEMPT (test/security_hardening_test.dart): iter12 N-P2-3 后 replaceTasks 的超限在 _rebuild 合并视图处二次收敛（iter12-merged-evict-removed 已钉），原内部驱逐变异在 state 上不可观察——保留内部收敛作纯冗余防御，显式豁免。
[iter9-fetch-passthrough] EXEMPT (test/device_connectivity_test.dart): 两条用例验证的是注入夹具与 probe() 的直通语义（probe 不吞结果），没有现实的回退变异路径；默认实现 defaultFetch 的真实网络行为由真机/集成覆盖。显式豁免。
[iter1-notifier-spec-failure-mislabelled] PASS exit=1 failing=['notifyFrom 异常围栏（D-20260916-15） spec 构造抛错 → future 正常完成且记 NT501，不外溢'] (10s)
[iter1-notifier-spec-failure-mislabelled] restored -> green
[iter10-reorder-catch-removed] PASS exit=1 failing=['iter10 F-1：reorder 的 Future 不再被丢弃（catchError 兜底）'] (4s)
[iter10-reorder-catch-removed] restored -> green
[iter10-wipe-connectivity-removed] PASS exit=1 failing=['iter10 F-2：擦除事务覆盖连通性探测 Provider'] (4s)
[iter10-wipe-connectivity-removed] restored -> green
[iter11-ws-cap-removed] PASS exit=1 failing=['W-014 未命中占比分母抗伪造 wsMessages 灌大不再稀释占比：framesDecoded 封顶后 OB202 照常触发'] (4s)
[iter11-ws-cap-removed] restored -> green
[iter11-fetch-cap-removed] PASS exit=1 failing=['W-014 未命中占比分母抗伪造 fetch200 虚报用 fetchCloned 封顶：OB203 同口径'] (3s)
[iter11-fetch-cap-removed] restored -> green
[iter11-jump-segment-relaxed] PASS exit=1 failing=['W-016 跳转 taskId 白名单与段匹配 跳转脚本包含段匹配契约：testid 精确等于 tid 或 task-item- 前缀'] (3s)
[iter11-jump-segment-relaxed] restored -> green
[iter11-jump-whitelist-removed] PASS exit=1 failing=['W-016 跳转 taskId 白名单与段匹配 taskIdWellFormed：合法 id 通过；空/超长/非法字符拒绝'] (3s)
[iter11-jump-whitelist-removed] restored -> green
[iter11-dedup-removed] PASS exit=1 failing=['W-024 探测 in-flight 去重 重叠轮跳过：第一轮在跑时第二轮不发探测、不覆盖结果'] (3s)
[iter11-dedup-removed] restored -> green
[iter11-cap-direction-inverted] PASS exit=1 failing=['W-014 未命中占比分母抗伪造 wsMessages 灌大不再稀释占比：framesDecoded 封顶后 OB202 照常触发', 'W-014 未命中占比分母抗伪造 fetch200 虚报用 fetchCloned 封顶：OB203 同口径'] (4s)
[iter11-cap-direction-inverted] restored -> green
[iter11-ws-total-dropped] PASS exit=1 failing=['W-014 未命中占比分母抗伪造 framesDecoded 正常（≥ wsMessages）时行为不变：不误报'] (4s)
[iter11-ws-total-dropped] restored -> green
[iter12-takeover-reset-removed] PASS exit=1 failing=['源码钉：盖板状态机（official_remote_page 无 WebView 测试环境） N-P1-1：_armBootCover 必须重置 _takeoverLogged（否则第二次顶号无日志）'] (8s)
[iter12-takeover-reset-removed] restored -> green
[iter12-cover-disarm-removed] PASS exit=1 failing=['源码钉：盖板状态机（official_remote_page 无 WebView 测试环境） N-P2-1：三处揭盖点都必须停掉盖板跟随计时器'] (5s)
[iter12-cover-disarm-removed] restored -> green
[iter12-merged-evict-removed] PASS exit=1 failing=['N-P2-3：session_index 合并视图上限 两表各 5000 个互不相同的 id：合并视图也必须 ≤ 上限'] (5s)
[iter12-merged-evict-removed] restored -> green
[iter12-pending-cap-removed] PASS exit=1 failing=['N-P2-5：event_feed pendingByTask 硬上限 灌唯一 taskId：上限内不提前驱逐，超限有界且最新键受保护'] (5s)
[iter12-pending-cap-removed] restored -> green
[iter12-bidi-strip-removed] PASS exit=1 failing=['W-021：Bidi 控制符清洗 TextSanitize：剥离 U+202A–E / U+2066–69，其余原样', 'W-021：Bidi 控制符清洗 event_feed：lastSummary/lastSessionTitle 入表前清洗', 'W-021：Bidi 控制符清洗 session_index：标题/预览/工作区入表前清洗'] (5s)
[iter12-bidi-strip-removed] restored -> green
[iter12-tag-suffix-unanchored] PASS exit=1 failing=['N-P2-6：update tag 归一收紧 带后缀的 tag 一律非法（fail-closed，不参与比较）'] (4s)
[iter12-tag-suffix-unanchored] restored -> green
[iter12-warmup-query-allowed] PASS exit=1 failing=['N-P3-2：warmup 不收录 query/fragment 带 query 的只读面板请求不再进入重放脚本'] (5s)
[iter12-warmup-query-allowed] restored -> green
[iter12-alertmode-unnormalized] PASS exit=1 failing=['W-021 杂项 alertMode 白名单归一：未知值回落 sound'] (4s)
[iter12-alertmode-unnormalized] restored -> green
[iter12-startup-target-unnormalized] PASS exit=1 failing=['W-021 杂项 startupTarget 白名单归一：未知值回落 lastDevice'] (4s)
[iter12-startup-target-unnormalized] restored -> green
[iter12-clip-surrogate-guard-removed] PASS exit=1 failing=['W-021 杂项 LogRedactor._clip 不产出孤立代理', '复核返修：双钟 relock 证据 / 标题代理对 / 擦除覆盖 标题截断：emoji 落在 120 切点上不产出孤立代理'] (5s)
[iter12-clip-surrogate-guard-removed] restored -> green
[iter12-bridge-health-guard-opened] PASS exit=1 failing=['W-021 杂项 bridge_health：旧 generation 迟到状态两个方向都不得覆盖新代'] (4s)
[iter12-bridge-health-guard-opened] restored -> green
[iter12-biometric-record-removed] PASS exit=1 failing=['W-021 杂项 biometric：sinceLastSuccess 单调时长（成功后非空，失败前为 null）'] (4s)
[iter12-biometric-record-removed] restored -> green
[iter12-notif-null-failopen] PASS exit=1 failing=['W-021 杂项 AppSettings.notificationsEnabled：未知一律 false（fail-closed）'] (5s)
[iter12-notif-null-failopen] restored -> green
[iter12-notif-catch-failopen] PASS exit=1 failing=['W-021 杂项 AppSettings.notificationsEnabled：未知一律 false（fail-closed）'] (7s)
[iter12-notif-catch-failopen] restored -> green
[iter12-bundle-store-rows-removed] PASS exit=1 failing=['W-021 杂项 诊断包 settings 段含设备库完整性两行（只有数字/枚举）'] (5s)
[iter12-bundle-store-rows-removed] restored -> green
[iter12-probe-root-only] PASS exit=1 failing=['probeUri 探测目标跟随控制链接路径：去 query（凭证不随探测发送），保留页面路径'] (4s)
[iter12-probe-root-only] restored -> green
[iter12-sse-key-back-to-consumed] PASS exit=1 failing=['ObserverAlertPolicy.evaluate 阈值边界 键集合护栏：消费键 ∪ 忽略键 == 白名单 ∪ 子 frame 三键，且两者不交'] (4s)
[iter12-sse-key-back-to-consumed] restored -> green
[iter12-evict-pin-skip-removed] PASS exit=1 failing=['N-P2-3：session_index 合并视图上限 合并视图驱逐同样保护钉住会话'] (8s)
[iter12-evict-pin-skip-removed] restored -> green
[iter12-tag-two-segment-dropped] PASS exit=1 failing=['N-P2-6：update tag 归一收紧 合法形态兼容：v 前缀 / 两段 / 首尾空白'] (5s)
[iter12-tag-two-segment-dropped] restored -> green
[iter12-integrity-report-blanked] PASS exit=1 failing=['W-021 杂项 integrity provider：加载结果上报 + 清空'] (5s)
[iter12-integrity-report-blanked] restored -> green
[iter12-rename-fail-snackbar-removed] PASS exit=1 failing=['改名写失败：弹"操作失败"，名字不变'] (6s)
[iter12-rename-fail-snackbar-removed] restored -> green
[iter12-delete-fail-snackbar-removed] PASS exit=1 failing=['删除写失败：弹"操作失败"，设备仍在列表'] (6s)
[iter12-delete-fail-snackbar-removed] restored -> green
[iter12-epoch-guard-removed] PASS exit=1 failing=['源码钉：盖板状态机（official_remote_page 无 WebView 测试环境） N-P2-1 配套：盖板纪元护栏（揭盖/重挂递增，陈旧探针作废）'] (5s)
[iter12-epoch-guard-removed] restored -> green
[iter12-relock-evidence-wall-ignored] PASS exit=1 failing=['复核返修：双钟 relock 证据 / 标题代理对 / 擦除覆盖 relockEvidence：深睡（墙钟大）与回拨（单调大）两场景都取真值'] (6s)
[iter12-relock-evidence-wall-ignored] restored -> green
[iter12-wipe-integrity-clear-removed] PASS exit=1 failing=['复核返修：双钟 relock 证据 / 标题代理对 / 擦除覆盖 擦除事务清掉设备库完整性计数（同生命周期口径）'] (5s)
[iter12-wipe-integrity-clear-removed] restored -> green
[iter13-hidden-wall-set-removed] PASS exit=1 failing=['源码钉：_hiddenFor/_hiddenSinceWall 成对状态机（official_remote_page 无 WebView 测试环境） W-030：_hiddenFor 与 _hiddenSinceWall 成对出现，读取走 relockEvidence'] (4s)
[iter13-hidden-wall-set-removed] restored -> green
[iter13-relock-evidence-wall-branch-gated] PASS exit=1 failing=['W-030：relockEvidence 驱动静默刷新的双钟证据 深睡场景：单调钟冻结、墙钟差大 → 取墙钟并触发静默刷新'] (4s)
[iter13-relock-evidence-wall-branch-gated] restored -> green
[iter14-badge-pending-hidden] PASS exit=1 failing=['有未读且待批准：显示计数，危险色', '已读但待批准：红点常显（无数字）'] (5s)
[iter14-badge-pending-hidden] restored -> green
[iter14-badge-cap-removed] PASS exit=1 failing=['99+ 封顶'] (5s)
[iter14-badge-cap-removed] restored -> green
[iter14-badge-null-safe-removed] PASS exit=1 failing=['feed 为 null：不渲染'] (4s)
[iter14-badge-null-safe-removed] restored -> green
[iter14-badge-accent-removed] PASS exit=1 failing=['有未读、无待批准：计数正常色（accent）'] (5s)
[iter14-badge-accent-removed] restored -> green
[iter14-badge-empty-shrink-removed] PASS exit=1 failing=['已读且无待批准：不渲染任何指示', 'feed 为 null：不渲染'] (5s)
[iter14-badge-empty-shrink-removed] restored -> green
[iter14-badge-dot-accent] PASS exit=1 failing=['已读但待批准：红点常显（无数字）'] (4s)
[iter14-badge-dot-accent] restored -> green
[iter14-markread-keeps-pending] PASS exit=1 failing=['EventFeedNotifier markRead 进入设备后清未读，但保留待审批状态'] (4s)
[iter14-markread-keeps-pending] restored -> green
[iter15-history-empty-guard] PASS exit=1 failing=['record：新在前，字段保留；空 deviceId 不记录'] (6s)
[iter15-history-empty-guard] restored -> green
[iter15-history-bound-removed] PASS exit=1 failing=['record：bidi 控制符剥离、超长按 120 码元截断（不切代理对）'] (5s)
[iter15-history-bound-removed] restored -> green
[iter15-history-cap-removed] PASS exit=1 failing=['上限：第 51 条挤掉最旧，最新保留'] (5s)
[iter15-history-cap-removed] restored -> green
[iter15-history-forget-noop] PASS exit=1 failing=['forget 移除该设备；clearAll 全清；多设备互不影响', '删除设备清历史（与服务面同生命周期）'] (4s)
[iter15-history-forget-noop] restored -> green
[iter15-history-clearall-noop] PASS exit=1 failing=['forget 移除该设备；clearAll 全清；多设备互不影响', '擦除事务清空历史（R-04）'] (4s)
[iter15-history-clearall-noop] restored -> green
[iter15-latest-request-type-blind] PASS exit=1 failing=['latestPendingRequest：只认仍在等待的审批类（权威键过滤），取最新一条'] (4s)
[iter15-latest-request-type-blind] restored -> green
[iter15-wiring-record-a-removed] PASS exit=1 failing=['源码钉：webview_sync 两处收口都记录历史且 forget 同生命周期'] (5s)
[iter15-wiring-record-a-removed] restored -> green
[iter15-sheet-empty-branch] PASS exit=1 failing=['空状态：无待处理与历史时显示提示'] (9s)
[iter15-sheet-empty-branch] restored -> green
[iter15-sheet-count-sum] PASS exit=1 failing=['等待处理：设备行 + 计数求和 + 红点'] (6s)
[iter15-sheet-count-sum] restored -> green
[iter15-sheet-type-label] PASS exit=1 failing=['最近事件：类型标签 + 摘要 + 相对时间（刚刚）'] (6s)
[iter15-sheet-type-label] restored -> green
[iter15-sheet-jump-removed] PASS exit=1 failing=['点按等待行：切到该设备 + 设置会话跳转 + 关闭面板', '等待行历史无命中时用 feed 权威键兜底跳转（iter16：点按不再原地）'] (6s)
[iter15-sheet-jump-removed] restored -> green
[iter15-entry-onpressed-noop] PASS exit=1 failing=['设备列表入口：有待批准时显示红点，点按打开面板'] (6s)
[iter15-entry-onpressed-noop] restored -> green
[iter15-wipe-history-clear-removed] PASS exit=1 failing=['擦除事务清空历史（R-04）'] (5s)
[iter15-wipe-history-clear-removed] restored -> green
[iter15-remove-forgets-history] PASS exit=1 failing=['删除设备清历史（与服务面同生命周期）'] (5s)
[iter15-remove-forgets-history] restored -> green
[iter15-entry-dot-removed] PASS exit=1 failing=['设备列表入口：有待批准时显示红点，点按打开面板'] (9s)
[iter15-entry-dot-removed] restored -> green
[iter15-history-taskid-unbounded] PASS exit=1 failing=['taskId 与跳转白名单上限对齐（≤128 截断）'] (5s)
[iter15-history-taskid-unbounded] restored -> green
[iter15-latest-request-pending-filter] PASS exit=1 failing=['latestPendingRequest：只认仍在等待的审批类（权威键过滤），取最新一条'] (5s)
[iter15-latest-request-pending-filter] restored -> green
[iter15-launcher-lift-removed] PASS exit=1 failing=['源码钉：AppShell 对跳转请求揭启动器盖板（复核 F1）'] (7s)
[iter15-launcher-lift-removed] restored -> green
[iter16-integrity-seed-dropped] PASS exit=1 failing=['设备库完整性（iter16：生产 seed 路径可见、未知不谎报干净） seed 注入结果进 provider；null 时诊断包渲染 unknown（不是 0/no）'] (5s)
[iter16-integrity-seed-dropped] restored -> green
[iter16-main-integrity-not-wired] PASS exit=1 failing=['设备库完整性（iter16：生产 seed 路径可见、未知不谎报干净） seed 注入结果进 provider；null 时诊断包渲染 unknown（不是 0/no）'] (4s)
[iter16-main-integrity-not-wired] restored -> green
[iter16-bundle-unknown-lies-zero] PASS exit=1 failing=['设备库完整性（iter16：生产 seed 路径可见、未知不谎报干净） seed 注入结果进 provider；null 时诊断包渲染 unknown（不是 0/no）'] (4s)
[iter16-bundle-unknown-lies-zero] restored -> green
[iter16-security-doc-old-account] PASS exit=1 failing=['仓库改址补漏：SECURITY.md / README.en.md 不再指向已封停账号'] (4s)
[iter16-security-doc-old-account] restored -> green
[iter16-cancel-on-remove-dropped] PASS exit=1 failing=['设备删除的通知收口（iter16） 撤销该设备全部通知位；指向它的陈旧跳转一并清掉', '设备删除的通知收口（iter16） 重启后删除设备仍撤通知：持久登记 id（内存表为空也撤得掉）'] (4s)
[iter16-cancel-on-remove-dropped] restored -> green
[iter16-stale-jump-not-cleared] PASS exit=1 failing=['设备删除的通知收口（iter16） 撤销该设备全部通知位；指向它的陈旧跳转一并清掉'] (4s)
[iter16-stale-jump-not-cleared] restored -> green
[iter16-jump-payload-prefix] PASS exit=1 failing=['通知深链载荷（iter16） decodePayload：精确两段 + 白名单，含 | 的 taskId 不截断成前缀'] (4s)
[iter16-jump-payload-prefix] restored -> green
[iter16-appshell-stale-jump] PASS exit=1 failing=['通知深链载荷（iter16） 源码钉：AppShell 对已删设备提前返回，不写陈旧跳转'] (4s)
[iter16-appshell-stale-jump] restored -> green
[iter16-fingerprint-key-dropped] PASS exit=1 failing=['凭证指纹去重（F24：只带 token 的链接也能去重） 同一 token 再次导入 → 命中既有设备', '凭证指纹去重（F24：只带 token 的链接也能去重） 只带 remoteControlToken 的链接（应用自有键名）也参与去重（iter16）', '凭证指纹去重（F24：只带 token 的链接也能去重） exceptId 排除自己（更换链接：同凭证轮换不算重复）', 'CredentialFingerprint 指纹稳定且不可逆（同一输入同一摘要，不含明文）'] (4s)
[iter16-fingerprint-key-dropped] restored -> green
[iter16-event-text-substring-reverted] PASS exit=1 failing=['截断不切代理对（iter16：三处裸 substring 迁到 clipCodeUnits） 事件摘要（_eventText）与预览（_previewText）：emoji 落在 180 切点'] (4s)
[iter16-event-text-substring-reverted] restored -> green
[iter16-preview-text-substring-reverted] PASS exit=1 failing=['截断不切代理对（iter16：三处裸 substring 迁到 clipCodeUnits） 事件摘要（_eventText）与预览（_previewText）：emoji 落在 180 切点'] (4s)
[iter16-preview-text-substring-reverted] restored -> green
[iter16-notifier-clip-substring-reverted] PASS exit=1 failing=['截断不切代理对（iter16：三处裸 substring 迁到 clipCodeUnits） 通知标题/正文（_clip）：emoji 落在 120/180 切点'] (4s)
[iter16-notifier-clip-substring-reverted] restored -> green
[iter16-storage-policy-old-text] PASS exit=1 failing=['存储策略文案与实现一致：设备删除不在触发列表'] (4s)
[iter16-storage-policy-old-text] restored -> green
[iter16-bridge-token-wall-only] PASS exit=1 failing=['墙钟回拨（iter16） 桥令牌等待预算双钟：回拨不拉长、深睡由墙钟补位'] (5s)
[iter16-bridge-token-wall-only] restored -> green
[iter16-dedupe-clock-wall] PASS exit=1 failing=['墙钟回拨（iter16） EventDedupeGate 默认时钟单调（不再取 DateTime.now）'] (4s)
[iter16-dedupe-clock-wall] restored -> green
[iter16-warmup-budget-reverted] PASS exit=1 failing=['zrSeen 预算跨层对齐（iter16） 钩子批次预算 = warmup 第二道门，且低于桥侧上限'] (4s)
[iter16-warmup-budget-reverted] restored -> green
[iter16-seen-hook-budget-unwired] PASS exit=1 failing=['zrSeen 预算跨层对齐（iter16） 钩子批次预算 = warmup 第二道门，且低于桥侧上限'] (4s)
[iter16-seen-hook-budget-unwired] restored -> green
[iter16-warmup-load-epoch-guard-removed] PASS exit=1 failing=['预热加载的 await 后守卫：擦除纪元翻转时读结果不写回内存'] (4s)
[iter16-warmup-load-epoch-guard-removed] restored -> green
[iter16-probe-writeback-unguarded] PASS exit=1 failing=['连通性（iter16） 在途探测轮次不把已删设备写回 provider'] (4s)
[iter16-probe-writeback-unguarded] restored -> green
[iter16-replacelink-connectivity-not-cleared] PASS exit=1 failing=['连通性（iter16） replaceLink 清掉旧链接的探测结果（probeUri 随 path 变化）'] (4s)
[iter16-replacelink-connectivity-not-cleared] restored -> green
[iter16-activesession-hotpath-reverted] PASS exit=1 failing=['源码钉：观测热路径不再做 activeSession 整树扫描/写 provider'] (4s)
[iter16-activesession-hotpath-reverted] restored -> green
[iter16-scanner-navigating-not-reset] PASS exit=1 failing=['扫码写失败复位与提示（iter7 R-1）：失败后下一次扫码仍进入写路径'] (8s)
[iter16-scanner-navigating-not-reset] restored -> green
[iter16-pending-fallback-removed] PASS exit=1 failing=['等待行历史无命中时用 feed 权威键兜底跳转（iter16：点按不再原地）'] (7s)
[iter16-pending-fallback-removed] restored -> green
[iter16-privacy-doc-old-text] PASS exit=1 failing=['存储策略文案与实现一致：设备删除不在触发列表'] (5s)
[iter16-privacy-doc-old-text] restored -> green
[iter16-privacy-table-old-text] PASS exit=1 failing=['存储策略文案与实现一致：设备删除不在触发列表'] (4s)
[iter16-privacy-table-old-text] restored -> green
[iter16-notifyfrom-id-not-recorded] PASS exit=1 failing=['设备删除的通知收口（iter16） 重启后删除设备仍撤通知：持久登记 id（内存表为空也撤得掉）'] (4s)
[iter16-notifyfrom-id-not-recorded] restored -> green
[iter16-cancel-registry-not-consulted] PASS exit=1 failing=['设备删除的通知收口（iter16） 重启后删除设备仍撤通知：持久登记 id（内存表为空也撤得掉）'] (4s)
[iter16-cancel-registry-not-consulted] restored -> green
[iter16-integrity-unavailable-lies-clean] PASS exit=1 failing=['设备库完整性（iter16：生产 seed 路径可见、未知不谎报干净） seed 注入结果进 provider；null 时诊断包渲染 unknown（不是 0/no）'] (4s)
[iter16-integrity-unavailable-lies-clean] restored -> green
[iter16-mounted-zrviewstate-guard-removed] PASS exit=1 failing=['源码钉：桥回调 await 后 mounted 守卫在位（iter16 复核返修）'] (4s)
[iter16-mounted-zrviewstate-guard-removed] restored -> green
[iter16-mounted-tokenready-guard-removed] PASS exit=1 failing=['源码钉：桥回调 await 后 mounted 守卫在位（iter16 复核返修）'] (4s)
[iter16-mounted-tokenready-guard-removed] restored -> green
[iter16-mounted-logtokenmissing-guard-removed] PASS exit=1 failing=['源码钉：桥回调 await 后 mounted 守卫在位（iter16 复核返修）'] (4s)
[iter16-mounted-logtokenmissing-guard-removed] restored -> green
[iter16-connectivity-clear-inflight-guard-removed] PASS exit=1 failing=['连通性（iter16） 擦除 clear() 之后的在途轮次不写回任何结果'] (4s)
[iter16-connectivity-clear-inflight-guard-removed] restored -> green
[iter16-warmup-forget-epoch-guard-removed] PASS exit=1 failing=['预热加载的 await 后守卫：设备在读取期间被删除（forget）时不写回内存'] (4s)
[iter16-warmup-forget-epoch-guard-removed] restored -> green
[iter16-warmup-forget-epoch-bump-removed] PASS exit=1 failing=['预热加载的 await 后守卫：设备在读取期间被删除（forget）时不写回内存'] (4s)
[iter16-warmup-forget-epoch-bump-removed] restored -> green
[iter2-dedupe-key-with-summary] PASS exit=1 failing=['EventDedupeGate（跨消息幂等，F12） 轮换 summary 制造不出新键：同任务同类型窗口内只提醒一次（D-10）', 'EventDedupeGate（跨消息幂等，F12） 缺 taskId 的事件同类型窗口内也只提醒一次（键不依赖摘要）'] (4s)
[iter2-dedupe-key-with-summary] restored -> green
[iter2-resolved-marker-without-trailing-nul] PASS exit=1 failing=['EventDedupeGate（跨消息幂等，F12） resolved 只清精确 taskId：t1 的 resolved 不得误清 t10 的键'] (4s)
[iter2-resolved-marker-without-trailing-nul] restored -> green
[iter3-sse-threshold-off-by-one] PASS exit=1 failing=['ObserverAlertPolicy.evaluate 阈值边界 SSE：任一 SSE 计数 ≥1 即告警，值为两键之和（OB201）', 'ObserverAlertPolicy.evaluate 阈值边界 多条告警按固定规则顺序输出，与 Map 插入顺序无关', '应用级告警与诊断包 codesLine：空 → none；多条按顺序逗号拼接，只含告警码', '应用级告警与诊断包 诊断包 alerts 分节：app 行 + 每设备短 id 行，只含告警码或 none'] (4s)
[iter3-sse-threshold-off-by-one] restored -> green
[iter3-ws-ratio-inclusive] PASS exit=1 failing=['ObserverAlertPolicy.evaluate 阈值边界 WS 未命中：样本地板 20 与 >50% 占比同时满足才告警（OB202）', 'ObserverAlertPolicy.evaluate 敌对输入 超上限值钳到 maxStatValue：乘法不溢出，仍能告警'] (4s)
[iter3-ws-ratio-inclusive] restored -> green
[iter3-fetch-ratio-inclusive] PASS exit=1 failing=['ObserverAlertPolicy.evaluate 阈值边界 fetch 未命中：同样的地板与占比规则（OB203）'] (4s)
[iter3-fetch-ratio-inclusive] restored -> green
[iter3-fragment-floor-exclusive] PASS exit=1 failing=['ObserverAlertPolicy.evaluate 阈值边界 分片异常：无效 + 过期累计 ≥5（OB204）'] (4s)
[iter3-fragment-floor-exclusive] restored -> green
[iter3-budget-drop-threshold] PASS exit=1 failing=['ObserverAlertPolicy.evaluate 阈值边界 预算丢弃：队列或已见集合任一丢弃即告警（OB205）', 'ObserverAlertPolicy.evaluate 阈值边界 多条告警按固定规则顺序输出，与 Map 插入顺序无关'] (4s)
[iter3-budget-drop-threshold] restored -> green
[iter3-clamp-removed-overflow] PASS exit=1 failing=['ObserverAlertPolicy.evaluate 敌对输入 超上限值钳到 maxStatValue：乘法不溢出，仍能告警'] (4s)
[iter3-clamp-removed-overflow] restored -> green
[iter3-subframe-wrong-key] PASS exit=1 failing=['ObserverAlertPolicy.evaluate 阈值边界 子 frame：只有 cancelled 触发（OB207），total/allowed 不触发', 'ObserverAlertPolicy.evaluate 阈值边界 多条告警按固定规则顺序输出，与 Map 插入顺序无关', 'ObserverAlertPolicy.evaluate 阈值边界 键集合护栏：消费键 ∪ 忽略键 == 白名单 ∪ 子 frame 三键，且两者不交', '应用级告警与诊断包 诊断包 alerts 分节：app 行 + 每设备短 id 行，只含告警码或 none'] (4s)
[iter3-subframe-wrong-key] restored -> green
[iter3-app-bridge-drop-threshold] PASS exit=1 failing=['应用级告警与诊断包 桥丢弃计数 ≥1 → OB206；0/负数 → 无'] (4s)
[iter3-app-bridge-drop-threshold] restored -> green
[iter3-codesline-empty-not-none] PASS exit=1 failing=['应用级告警与诊断包 codesLine：空 → none；多条按顺序逗号拼接，只含告警码', '应用级告警与诊断包 诊断包 alerts 分节：app 行 + 每设备短 id 行，只含告警码或 none'] (4s)
[iter3-codesline-empty-not-none] restored -> green
[iter3-consumed-keys-guard] PASS exit=1 failing=['ObserverAlertPolicy.evaluate 阈值边界 键集合护栏：消费键 ∪ 忽略键 == 白名单 ∪ 子 frame 三键，且两者不交'] (4s)
[iter3-consumed-keys-guard] restored -> green
[iter3-zero-counters-alert] PASS exit=1 failing=['ObserverAlertPolicy.evaluate 阈值边界 全零 / 空计数 → 无告警', 'ObserverAlertPolicy.evaluate 阈值边界 WS 未命中：样本地板 20 与 >50% 占比同时满足才告警（OB202）', 'ObserverAlertPolicy.evaluate 阈值边界 fetch 未命中：同样的地板与占比规则（OB203）', 'ObserverAlertPolicy.evaluate 阈值边界 分片异常：无效 + 过期累计 ≥5（OB204）', 'ObserverAlertPolicy.evaluate 阈值边界 预算丢弃：队列或已见集合任一丢弃即告警（OB205）', 'ObserverAlertPolicy.evaluate 阈值边界 子 frame：只有 cancelled 触发（OB207），total/allowed 不触发', 'ObserverAlertPolicy.evaluate 阈值边界 键集合护栏：消费键 ∪ 忽略键 == 白名单 ∪ 子 frame 三键，且两者不交', 'ObserverAlertPolicy.evaluate 敌对输入 负数按 0：不告警也不抛，且不会抵消同组的正计数', 'ObserverAlertPolicy.evaluate 敌对输入 非白名单键被忽略（页面塞不进自定义告警）', 'ObserverAlertPolicy.evaluate 敌对输入 超上限值钳到 maxStatValue：乘法不溢出，仍能告警'] (4s)
[iter3-zero-counters-alert] restored -> green
[iter3-negative-not-clamped] PASS exit=1 failing=['ObserverAlertPolicy.evaluate 敌对输入 负数按 0：不告警也不抛，且不会抵消同组的正计数'] (5s)
[iter3-negative-not-clamped] restored -> green
[iter3-rule-order-changed] PASS exit=1 failing=['ObserverAlertPolicy.evaluate 阈值边界 多条告警按固定规则顺序输出，与 Map 插入顺序无关', '应用级告警与诊断包 诊断包 alerts 分节：app 行 + 每设备短 id 行，只含告警码或 none'] (4s)
[iter3-rule-order-changed] restored -> green
[iter3-result-mutable] PASS exit=1 failing=['ObserverAlertPolicy.evaluate 敌对输入 返回值不可变'] (5s)
[iter3-result-mutable] restored -> green
[iter4-dedupe-gate-no-eviction] PASS exit=1 failing=['EventDedupeGate 有界 2e4 个互不相同的事件：表被淘汰到上限，最早的键会被逐出'] (21s)
[iter4-dedupe-gate-no-eviction] restored -> green
[iter4-dedupe-gate-window-ignored] PASS exit=1 failing=['EventDedupeGate 有界 1e5 次同一事件重放：只放行一次'] (5s)
[iter4-dedupe-gate-window-ignored] restored -> green
[iter4-parser-dedupe-key-drops-task] PASS exit=1 failing=['EventParser.dedupe 有界与幂等 1e4 个事件、100 个键：结果恰 100 条且再次 dedupe 不变'] (6s)
[iter4-parser-dedupe-key-drops-task] restored -> green
[iter4-feed-first-value-wins] PASS exit=1 failing=['EventFeedNotifier 有界记账 1e4 条审批请求落到 100 个任务：pendingByTask 恰 100、末值生效、unread 逐条累加'] (6s)
[iter4-feed-first-value-wins] restored -> green
[iter4-feed-unread-not-incremented] PASS exit=1 failing=['EventFeedNotifier 有界记账 1e4 条审批请求落到 100 个任务：pendingByTask 恰 100、末值生效、unread 逐条累加'] (6s)
[iter4-feed-unread-not-incremented] restored -> green
[iter4-accept-string-length-only] PASS exit=1 failing=['BridgeSchema 边界 acceptString：按真实 UTF-8 字节判定，多字节字符不能靠 length 蒙混'] (6s)
[iter4-accept-string-length-only] restored -> green
[iter4-accept-stats-no-whitelist] PASS exit=1 failing=['BridgeSchema 边界 acceptStats：1e4 个垃圾键只留白名单，且不超过 maxStatsKeys'] (6s)
[iter4-accept-stats-no-whitelist] restored -> green
[iter4-redactor-opaque-skipped] PASS exit=1 failing=['LogRedactor 长输入 ≥1 MiB 混合凭证/长令牌/URL：无原始令牌泄漏、输出只会变短，且不发生灾难性回溯', 'LogRedactor 长输入 1e6 个连续字母：单次整体替换，长度收敛到占位符'] (5s)
[iter4-redactor-opaque-skipped] restored -> green
[iter4-subframe-allowed-not-counted] PASS exit=1 failing=['SubFrameStats 与诊断包规模 1e5 次子 frame 记账：计数精确，无回绕'] (5s)
[iter4-subframe-allowed-not-counted] restored -> green
[iter4-bundle-alerts-not-derived] PASS exit=1 failing=['SubFrameStats 与诊断包规模 1000 台设备 × 全部计数键：诊断包行数与告警行数按设备线性，且可渲染'] (6s)
[iter4-bundle-alerts-not-derived] restored -> green
[iter5-depth-guard-removed] PASS exit=1 failing=['S-2 JSON 深度炸弹防护 深度 64 以内可解析，超过上限整帧丢弃'] (5s)
[iter5-depth-guard-removed] restored -> green
[iter5-depth-scanner-ignores-strings] PASS exit=1 failing=['S-2 JSON 深度炸弹防护 字符串内的括号不计入深度'] (4s)
[iter5-depth-scanner-ignores-strings] restored -> green
[iter5-session-index-unbounded] PASS exit=1 failing=['S-1 会话索引与 differ 基线有界 SessionIndex 6000 条唯一 id：收敛到上限，最旧的被逐出、可重新进入'] (4s)
[iter5-session-index-unbounded] restored -> green
[iter5-differ-cap-removed] PASS exit=1 failing=['S-1 会话索引与 differ 基线有界 StateDiffer 基线封顶：被驱逐的会话下次出现重新产生边沿事件'] (4s)
[iter5-differ-cap-removed] restored -> green
[iter5-jump-id-accepts-nonfinite] PASS exit=1 failing=['S-4 outcome id 有限性 Infinity / NaN 的 id 返回 null 而不是抛 UnsupportedError'] (4s)
[iter5-jump-id-accepts-nonfinite] restored -> green
[iter5-route-unclipped] PASS exit=1 failing=['S-6 route 长度上限 超长 path 截到 maxRouteChars，普通路由不受影响'] (4s)
[iter5-route-unclipped] restored -> green
[iter5-title-unclipped] PASS exit=1 failing=['S-7 通知标题与正文同上限 4 MB 会话标题被截到 120 字符'] (4s)
[iter5-title-unclipped] restored -> green
[iter5-proto-pollution-restored] PASS exit=1 failing=['S-3 / S-5 注入面源码不变量 hookScript 用无原型 assembler 且 logicalFrameId 受正则约束'] (4s)
[iter5-proto-pollution-restored] restored -> green
[iter5-zrws-bare-jsondecode] PASS exit=1 failing=['N-1/N-2 解析与注入面源码不变量（iter5 复核新增） zrWs 通道不再有裸 jsonDecode（深度炸弹统一走共享管线）'] (4s)
[iter5-zrws-bare-jsondecode] restored -> green
[iter5-inject-guard-removed] PASS exit=1 failing=['N-1/N-2 解析与注入面源码不变量（iter5 复核新增） _injectBridgeToken 内含 URL 信任守卫（单点收口）'] (4s)
[iter5-inject-guard-removed] restored -> green
[iter5-feed-title-unbounded] PASS exit=1 failing=['S-1 会话索引与 differ 基线有界 DeviceFeed.lastSessionTitle 与通知通道同上限（S-7/N-5）'] (3s)
[iter5-feed-title-unbounded] restored -> green
[iter6-refresh-boundary-exclusive] PASS exit=1 failing=['PageRefreshPolicy 不可见满 staleAfter 才刷新：59 秒不刷，60 秒整刷'] (3s)
[iter6-refresh-boundary-exclusive] restored -> green
[iter6-refresh-null-refreshes] PASS exit=1 failing=['PageRefreshPolicy 从未隐藏（null）不刷新'] (3s)
[iter6-refresh-null-refreshes] restored -> green
[iter6-stale-after-huge] PASS exit=1 failing=['PageRefreshPolicy 长时间不可见必刷'] (3s)
[iter6-stale-after-huge] restored -> green
[iter6-refresh-ignores-current-device] PASS exit=1 failing=['PageRefreshPolicy 非当前设备页永不刷新（揭启动器盖板是全体解盖，iter6 F-1）'] (4s)
[iter6-refresh-ignores-current-device] restored -> green
[iter6-refresh-ignores-inflight] PASS exit=1 failing=['PageRefreshPolicy 加载在途 / 错误卡不抢各自恢复路径'] (4s)
[iter6-refresh-ignores-inflight] restored -> green
[iter6-cover-observer-same-value-fires] PASS exit=1 failing=['同值 setCovered 不回调（外壳 build 幂等调用不刷屏）', '值变化回调一次并携带新值'] (5s)
[iter6-cover-observer-same-value-fires] restored -> green
[iter6-cover-observer-survives-detach] PASS exit=1 failing=['detach 后不再回调'] (3s)
[iter6-cover-observer-survives-detach] restored -> green
[iter6-cover-observer-never-fires] PASS exit=1 failing=['值变化回调一次并携带新值', 'detach 后不再回调'] (4s)
[iter6-cover-observer-never-fires] restored -> green
[iter7-prefs-optimistic-restored] PASS exit=1 failing=['R-2 设置写入失败：不显示假成功（source-pin：插件通道行为单测不可控） 通知偏好：持久化必须先于 state 发布，失败必须回读磁盘'] (3s)
[iter7-prefs-optimistic-restored] restored -> green
[iter7-startup-optimistic-restored] PASS exit=1 failing=['R-2 设置写入失败：不显示假成功（source-pin：插件通道行为单测不可控） 启动进入页：同样的持久化优先 + 失败回退 initial 契约'] (4s)
[iter7-startup-optimistic-restored] restored -> green
[iter7-quarantine-log-muted] PASS exit=1 failing=['R-3 损坏设备记录隔离留痕 损坏记录被隔离：计入 skippedRecords 且 DS704 留痕'] (4s)
[iter7-quarantine-log-muted] restored -> green
[iter7-evict-ignores-pinned] PASS exit=1 failing=['R-8 洪泛驱逐不挤掉 pinned 会话 6000 条（前 2000 pinned）：驱逐只落在非 pinned 上'] (5s)
[iter7-evict-ignores-pinned] restored -> green
[iter7-seen-codeunit-limit] PASS exit=1 failing=['R-9 ingestSeen 按 UTF-8 字节计 CJK 密集的合法 JSON：UTF-16 长度过旧检查、UTF-8 字节超限被拒'] (5s)
[iter7-seen-codeunit-limit] restored -> green
[iter7-bridge-health-lingers] PASS exit=1 failing=['R-6 桥健康与设备同生命周期 删除设备后 bridgeHealth 不再残留该设备（诊断包不带幽灵行）'] (4s)
[iter7-bridge-health-lingers] restored -> green
[iter7-outbound-scheme-check-removed] PASS exit=1 failing=['拒绝的目标 非 https'] (4s)
[iter7-outbound-scheme-check-removed] restored -> green
[iter7-c2a-hook-constant-true] PASS exit=1 failing=['security invariants：WebView 信任边界 子 frame 取证计数必须挂在导航判定结果上（iter7 独立验收：C2a 接线钉住）'] (4s)
[iter7-c2a-hook-constant-true] restored -> green
[iter8-u1-dialog-scroll-removed] PASS exit=1 failing=['U-1：更新下载对话框内容可滚动（200% 字体下主操作不得被裁切）'] (3s)
[iter8-u1-dialog-scroll-removed] restored -> green
[iter8-u2-minheight-reverted] PASS exit=1 failing=['U-2：设置行不再使用固定高度（200% 字体折行标题被裁）'] (4s)
[iter8-u2-minheight-reverted] restored -> green
[iter8-u3-load-guard-removed] PASS exit=1 failing=['U-3：通知偏好启动加载失败必须留痕（不得 unhandled zone error）'] (6s)
[iter8-u3-load-guard-removed] restored -> green
[iter8-u7-log-dedup-removed] PASS exit=1 failing=['U-7：扫码错误日志按错误码去重（持续故障不得刷环形缓冲）'] (4s)
[iter8-u7-log-dedup-removed] restored -> green
[iter8-w019-orphan-sweep-removed] PASS exit=1 failing=['R-9 ingestSeen 按 UTF-8 字节计 W-019：加载时清扫孤儿 warmup 键（remove 防抖写入残留）'] (5s)
[iter8-w019-orphan-sweep-removed] restored -> green
[iter9-live-shortcut-removed] PASS exit=1 failing=['DeviceConnectivityPolicy.state relay 实流（live）最强：即使探测失败也判可达'] (4s)
[iter9-live-shortcut-removed] restored -> green
[iter9-failed-mapped-reachable] PASS exit=1 failing=['DeviceConnectivityPolicy.state 探测成功 → 可达；探测失败 → 不可达（W-023 绿/橙语义）'] (4s)
[iter9-failed-mapped-reachable] restored -> green
[iter9-probe-uri-keeps-query] PASS exit=1 failing=['probeUri 探测目标跟随控制链接路径：去 query（凭证不随探测发送），保留页面路径'] (4s)
[iter9-probe-uri-keeps-query] restored -> green
[iter9-live-devices-probed] PASS exit=1 failing=['ConnectivityProbe + probeAll probeAll：live 设备跳过探测直接可达，其余并发探测并合并结果'] (4s)
[iter9-live-devices-probed] restored -> green
[iter9-unknown-impossible] PASS exit=1 failing=['DeviceConnectivityPolicy.state 都没有 → unknown（UI 保持"连接中"色）'] (3s)
[iter9-unknown-impossible] restored -> green
[iter9-connectivity-forget-noop] PASS exit=1 failing=['ConnectivityProbe + probeAll forget 清理单设备；clear 全清'] (4s)
[iter9-connectivity-forget-noop] restored -> green
[iter9-untrusted-early-return-removed] PASS exit=1 failing=['probeUri 非白名单源站 → 指向无效探测目标（默认 fetch 直接判失败）'] (3s)
[iter9-untrusted-early-return-removed] restored -> green
RESULT: 161/161 mutations caught; 6 exempt (declared)
