mutate.py export=D:\tmp\zr\ci_i4 specs=['tools\\iteration\\mutations\\iter1.json', 'tools\\iteration\\mutations\\iter2.json', 'tools\\iteration\\mutations\\iter3.json', 'tools\\iteration\\mutations\\iter4.json'] @ 2026-09-18T03:45:55
[iter3-unknown-keys-structural] EXEMPT (test/observer_alert_test.dart): 策略按固定键名读取，“忽略未知键”是结构性质，不存在自然的回退变异（把策略改成遍历全部键才会失败，不是现实回归路径）。显式豁免。
[iter4-stats-chars-constant-sanity] EXEMPT (test/scale_test.dart): 用例「遥测 JSON 上限常量自洽」只证明 maxStatsChars 长度的合法 JSON 可解析；生产侧 > maxStatsChars 的丢弃判断在 official_remote_page.dart 的 WebView handler（:1611），单测够不到，无有意义的回退变异。显式豁免（纲领 §3 W-008 行的 exempt 条款）。
[iter1-notifier-spec-failure-mislabelled] PASS exit=1 failing=['notifyFrom 异常围栏（D-20260916-15） spec 构造抛错 → future 正常完成且记 NT501，不外溢'] (4s)
[iter1-notifier-spec-failure-mislabelled] restored -> green
[iter2-dedupe-key-with-summary] PASS exit=1 failing=['EventDedupeGate（跨消息幂等，F12） 轮换 summary 制造不出新键：同任务同类型窗口内只提醒一次（D-10）', 'EventDedupeGate（跨消息幂等，F12） 缺 taskId 的事件同类型窗口内也只提醒一次（键不依赖摘要）'] (3s)
[iter2-dedupe-key-with-summary] restored -> green
[iter2-resolved-marker-without-trailing-nul] PASS exit=1 failing=['EventDedupeGate（跨消息幂等，F12） resolved 只清精确 taskId：t1 的 resolved 不得误清 t10 的键'] (4s)
[iter2-resolved-marker-without-trailing-nul] restored -> green
[iter3-sse-threshold-off-by-one] PASS exit=1 failing=['ObserverAlertPolicy.evaluate 阈值边界 SSE：任一 SSE 计数 ≥1 即告警，值为两键之和（OB201）', 'ObserverAlertPolicy.evaluate 阈值边界 多条告警按固定规则顺序输出，与 Map 插入顺序无关', '应用级告警与诊断包 codesLine：空 → none；多条按顺序逗号拼接，只含告警码', '应用级告警与诊断包 诊断包 alerts 分节：app 行 + 每设备短 id 行，只含告警码或 none'] (4s)
[iter3-sse-threshold-off-by-one] restored -> green
[iter3-ws-ratio-inclusive] PASS exit=1 failing=['ObserverAlertPolicy.evaluate 阈值边界 WS 未命中：样本地板 20 与 >50% 占比同时满足才告警（OB202）', 'ObserverAlertPolicy.evaluate 敌对输入 超上限值钳到 maxStatValue：乘法不溢出，仍能告警'] (3s)
[iter3-ws-ratio-inclusive] restored -> green
[iter3-fetch-ratio-inclusive] PASS exit=1 failing=['ObserverAlertPolicy.evaluate 阈值边界 fetch 未命中：同样的地板与占比规则（OB203）'] (3s)
[iter3-fetch-ratio-inclusive] restored -> green
[iter3-fragment-floor-exclusive] PASS exit=1 failing=['ObserverAlertPolicy.evaluate 阈值边界 分片异常：无效 + 过期累计 ≥5（OB204）'] (4s)
[iter3-fragment-floor-exclusive] restored -> green
[iter3-budget-drop-threshold] PASS exit=1 failing=['ObserverAlertPolicy.evaluate 阈值边界 预算丢弃：队列或已见集合任一丢弃即告警（OB205）', 'ObserverAlertPolicy.evaluate 阈值边界 多条告警按固定规则顺序输出，与 Map 插入顺序无关'] (3s)
[iter3-budget-drop-threshold] restored -> green
[iter3-clamp-removed-overflow] PASS exit=1 failing=['ObserverAlertPolicy.evaluate 敌对输入 超上限值钳到 maxStatValue：乘法不溢出，仍能告警'] (3s)
[iter3-clamp-removed-overflow] restored -> green
[iter3-subframe-wrong-key] PASS exit=1 failing=['ObserverAlertPolicy.evaluate 阈值边界 子 frame：只有 cancelled 触发（OB207），total/allowed 不触发', 'ObserverAlertPolicy.evaluate 阈值边界 多条告警按固定规则顺序输出，与 Map 插入顺序无关', 'ObserverAlertPolicy.evaluate 阈值边界 键集合护栏：消费键 ∪ 忽略键 == 白名单 ∪ 子 frame 三键，且两者不交', '应用级告警与诊断包 诊断包 alerts 分节：app 行 + 每设备短 id 行，只含告警码或 none'] (3s)
[iter3-subframe-wrong-key] restored -> green
[iter3-app-bridge-drop-threshold] PASS exit=1 failing=['应用级告警与诊断包 桥丢弃计数 ≥1 → OB206；0/负数 → 无'] (3s)
[iter3-app-bridge-drop-threshold] restored -> green
[iter3-codesline-empty-not-none] PASS exit=1 failing=['应用级告警与诊断包 codesLine：空 → none；多条按顺序逗号拼接，只含告警码', '应用级告警与诊断包 诊断包 alerts 分节：app 行 + 每设备短 id 行，只含告警码或 none'] (3s)
[iter3-codesline-empty-not-none] restored -> green
[iter3-consumed-keys-guard] PASS exit=1 failing=['ObserverAlertPolicy.evaluate 阈值边界 键集合护栏：消费键 ∪ 忽略键 == 白名单 ∪ 子 frame 三键，且两者不交'] (3s)
[iter3-consumed-keys-guard] restored -> green
[iter3-zero-counters-alert] PASS exit=1 failing=['ObserverAlertPolicy.evaluate 阈值边界 全零 / 空计数 → 无告警', 'ObserverAlertPolicy.evaluate 阈值边界 WS 未命中：样本地板 20 与 >50% 占比同时满足才告警（OB202）', 'ObserverAlertPolicy.evaluate 阈值边界 fetch 未命中：同样的地板与占比规则（OB203）', 'ObserverAlertPolicy.evaluate 阈值边界 分片异常：无效 + 过期累计 ≥5（OB204）', 'ObserverAlertPolicy.evaluate 阈值边界 预算丢弃：队列或已见集合任一丢弃即告警（OB205）', 'ObserverAlertPolicy.evaluate 阈值边界 子 frame：只有 cancelled 触发（OB207），total/allowed 不触发', 'ObserverAlertPolicy.evaluate 阈值边界 键集合护栏：消费键 ∪ 忽略键 == 白名单 ∪ 子 frame 三键，且两者不交', 'ObserverAlertPolicy.evaluate 敌对输入 负数按 0：不告警也不抛，且不会抵消同组的正计数', 'ObserverAlertPolicy.evaluate 敌对输入 非白名单键被忽略（页面塞不进自定义告警）', 'ObserverAlertPolicy.evaluate 敌对输入 超上限值钳到 maxStatValue：乘法不溢出，仍能告警'] (4s)
[iter3-zero-counters-alert] restored -> green
[iter3-negative-not-clamped] PASS exit=1 failing=['ObserverAlertPolicy.evaluate 敌对输入 负数按 0：不告警也不抛，且不会抵消同组的正计数'] (4s)
[iter3-negative-not-clamped] restored -> green
[iter3-rule-order-changed] PASS exit=1 failing=['ObserverAlertPolicy.evaluate 阈值边界 多条告警按固定规则顺序输出，与 Map 插入顺序无关', '应用级告警与诊断包 诊断包 alerts 分节：app 行 + 每设备短 id 行，只含告警码或 none'] (4s)
[iter3-rule-order-changed] restored -> green
[iter3-result-mutable] PASS exit=1 failing=['ObserverAlertPolicy.evaluate 敌对输入 返回值不可变'] (4s)
[iter3-result-mutable] restored -> green
[iter4-dedupe-gate-no-eviction] PASS exit=1 failing=['EventDedupeGate 有界 2e4 个互不相同的事件：表被淘汰到上限，最早的键会被逐出'] (17s)
[iter4-dedupe-gate-no-eviction] restored -> green
[iter4-dedupe-gate-window-ignored] PASS exit=1 failing=['EventDedupeGate 有界 1e5 次同一事件重放：只放行一次'] (4s)
[iter4-dedupe-gate-window-ignored] restored -> green
[iter4-parser-dedupe-key-drops-task] PASS exit=1 failing=['EventParser.dedupe 有界与幂等 1e4 个事件、100 个键：结果恰 100 条且再次 dedupe 不变'] (5s)
[iter4-parser-dedupe-key-drops-task] restored -> green
[iter4-feed-first-value-wins] PASS exit=1 failing=['EventFeedNotifier 有界记账 1e4 条审批请求落到 100 个任务：pendingByTask 恰 100、末值生效、unread 逐条累加'] (6s)
[iter4-feed-first-value-wins] restored -> green
[iter4-feed-unread-not-incremented] PASS exit=1 failing=['EventFeedNotifier 有界记账 1e4 条审批请求落到 100 个任务：pendingByTask 恰 100、末值生效、unread 逐条累加'] (5s)
[iter4-feed-unread-not-incremented] restored -> green
[iter4-accept-string-length-only] PASS exit=1 failing=['BridgeSchema 边界 acceptString：按真实 UTF-8 字节判定，多字节字符不能靠 length 蒙混'] (5s)
[iter4-accept-string-length-only] restored -> green
[iter4-accept-stats-no-whitelist] PASS exit=1 failing=['BridgeSchema 边界 acceptStats：1e4 个垃圾键只留白名单，且不超过 maxStatsKeys'] (6s)
[iter4-accept-stats-no-whitelist] restored -> green
[iter4-redactor-opaque-skipped] PASS exit=1 failing=['LogRedactor 长输入 ≥1 MiB 混合凭证/长令牌/URL：无原始令牌泄漏、输出只会变短，且不发生灾难性回溯', 'LogRedactor 长输入 1e6 个连续字母：单次整体替换，长度收敛到占位符'] (6s)
[iter4-redactor-opaque-skipped] restored -> green
[iter4-subframe-allowed-not-counted] PASS exit=1 failing=['SubFrameStats 与诊断包规模 1e5 次子 frame 记账：计数精确，无回绕'] (4s)
[iter4-subframe-allowed-not-counted] restored -> green
[iter4-bundle-alerts-not-derived] PASS exit=1 failing=['SubFrameStats 与诊断包规模 1000 台设备 × 全部计数键：诊断包行数与告警行数按设备线性，且可渲染'] (5s)
[iter4-bundle-alerts-not-derived] restored -> green
RESULT: 27/27 mutations caught; 2 exempt (declared)
